  Game.cpp
D:\Zoe CHervaux\Programmation\C++\SimpleEngineL2\SimpleEngineWithOpenGL-035\UIScreen.h(26,43): warning C4099: 'InputState': type name first seen using 'struct' now seen using 'class'
D:\Zoe CHervaux\Programmation\C++\SimpleEngineL2\SimpleEngineWithOpenGL-035\PauseScreen.h(9,35): warning C4099: 'InputState': type name first seen using 'struct' now seen using 'class'
  SimpleEngineWithOpenGL-035.vcxproj -> D:\Zoe CHervaux\Programmation\C++\SimpleEngineL2\x64\Debug\SimpleEngineWithOpenGL-035.exe
  D:\Zoe CHervaux\Programmation\C++\SimpleEngineL2\SimpleEngineWithOpenGL-035\Res\Audio\Master Bank.bank
  D:\Zoe CHervaux\Programmation\C++\SimpleEngineL2\SimpleEngineWithOpenGL-035\Res\Audio\Master Bank.strings.bank
  D:\Zoe CHervaux\Programmation\C++\SimpleEngineL2\SimpleEngineWithOpenGL-035\Res\Fonts\Carlito-Regular.ttf
  D:\Zoe CHervaux\Programmation\C++\SimpleEngineL2\SimpleEngineWithOpenGL-035\Res\Meshes\Cube.gpmesh
  D:\Zoe CHervaux\Programmation\C++\SimpleEngineL2\SimpleEngineWithOpenGL-035\Res\Meshes\Plane.gpmesh
  D:\Zoe CHervaux\Programmation\C++\SimpleEngineL2\SimpleEngineWithOpenGL-035\Res\Meshes\RacingCar.gpmesh
  D:\Zoe CHervaux\Programmation\C++\SimpleEngineL2\SimpleEngineWithOpenGL-035\Res\Meshes\Rifle.gpmesh
  D:\Zoe CHervaux\Programmation\C++\SimpleEngineL2\SimpleEngineWithOpenGL-035\Res\Meshes\Sphere.gpmesh
  D:\Zoe CHervaux\Programmation\C++\SimpleEngineL2\SimpleEngineWithOpenGL-035\Res\Meshes\Target.gpmesh
  D:\Zoe CHervaux\Programmation\C++\SimpleEngineL2\SimpleEngineWithOpenGL-035\Res\Shaders\BasicMesh.frag
  D:\Zoe CHervaux\Programmation\C++\SimpleEngineL2\SimpleEngineWithOpenGL-035\Res\Shaders\BasicMesh.vert
  D:\Zoe CHervaux\Programmation\C++\SimpleEngineL2\SimpleEngineWithOpenGL-035\Res\Shaders\Phong.frag
  D:\Zoe CHervaux\Programmation\C++\SimpleEngineL2\SimpleEngineWithOpenGL-035\Res\Shaders\Phong.vert
  D:\Zoe CHervaux\Programmation\C++\SimpleEngineL2\SimpleEngineWithOpenGL-035\Res\Shaders\Sprite.frag
  D:\Zoe CHervaux\Programmation\C++\SimpleEngineL2\SimpleEngineWithOpenGL-035\Res\Shaders\Sprite.vert
  D:\Zoe CHervaux\Programmation\C++\SimpleEngineL2\SimpleEngineWithOpenGL-035\Res\Textures\ButtonBlue.png
  D:\Zoe CHervaux\Programmation\C++\SimpleEngineL2\SimpleEngineWithOpenGL-035\Res\Textures\ButtonYellow.png
  D:\Zoe CHervaux\Programmation\C++\SimpleEngineL2\SimpleEngineWithOpenGL-035\Res\Textures\Crosshair.png
  D:\Zoe CHervaux\Programmation\C++\SimpleEngineL2\SimpleEngineWithOpenGL-035\Res\Textures\Cube.png
  D:\Zoe CHervaux\Programmation\C++\SimpleEngineL2\SimpleEngineWithOpenGL-035\Res\Textures\Default.png
  D:\Zoe CHervaux\Programmation\C++\SimpleEngineL2\SimpleEngineWithOpenGL-035\Res\Textures\HealthBar.png
  D:\Zoe CHervaux\Programmation\C++\SimpleEngineL2\SimpleEngineWithOpenGL-035\Res\Textures\Plane.png
  D:\Zoe CHervaux\Programmation\C++\SimpleEngineL2\SimpleEngineWithOpenGL-035\Res\Textures\RacingCar.png
  D:\Zoe CHervaux\Programmation\C++\SimpleEngineL2\SimpleEngineWithOpenGL-035\Res\Textures\Radar.png
  D:\Zoe CHervaux\Programmation\C++\SimpleEngineL2\SimpleEngineWithOpenGL-035\Res\Textures\Rifle.png
  D:\Zoe CHervaux\Programmation\C++\SimpleEngineL2\SimpleEngineWithOpenGL-035\Res\Textures\Sphere.png
  D:\Zoe CHervaux\Programmation\C++\SimpleEngineL2\SimpleEngineWithOpenGL-035\Res\Textures\Target.png
  27 File(s) copied
